// Jest Snapshot v1, https://goo.gl/fbAQLP

exports[`SuggestionItem renders correctly 1`] = `
<li
  className="suggestion"
  display-if="aisaka taiga"
>
  <Component
    className="icon"
    height={14}
    width={14}
  />
  <span
    dangerouslySetInnerHTML={
      Object {
        "__html": "<span class=\\"highlightedText\\">aisa</span>ka taiga",
      }
    }
  />
</li>
`;
