// Jest Snapshot v1, https://goo.gl/fbAQLP

exports[`<Image /> renders correctly 1`] = `
<img
  class="loading"
/>
`;

exports[`<Image /> renders correctly 2`] = `
<img
  class="qux loading"
/>
`;
