// Jest Snapshot v1, https://goo.gl/fbAQLP

exports[`ProductCard view renders correctly 1`] = `
<a
  className="root"
  href="https://foo.bar"
>
  <div
    className="imageWrap"
  >
    <withPropsOnChange(withStateHandlers(withPropsOnChange(mapProps(onlyUpdateForKeys(Component)))))
      alt="Product Title"
      className="image"
      src="https://lorempicsum.net/100/100"
    />
  </div>
  <div
    className="content"
  >
    <Title
      text="Product Title"
    />
    <Description
      text="A description for item"
    />
  </div>
</a>
`;
