// Jest Snapshot v1, https://goo.gl/fbAQLP

exports[`ProductCard view renders correctly 1`] = `
<a
  className="root productCard"
  href="https://foo.bar"
>
  <div
    className="imageWrap"
  >
    <Image
      alt="Product Title"
      aspectRatio={1}
      className="image"
      src="https://lorempicsum.net/100/100"
      thumbnail="https://lorempicsum.net/50/50"
    />
    <div>
      <Component
        className="discountSticker"
        config={
          Immutable.Map {
            "productcard": Immutable.Map {
              "title": Immutable.Map {
                "display": true,
                "lines": 1,
              },
              "description": Immutable.Map {
                "display": true,
                "lines": 2,
              },
              "price": Immutable.Map {
                "display": true,
              },
            },
            "currency": Immutable.Map {
              "code": "GBP",
            },
          }
        }
      />
    </div>
  </div>
  <div
    className="rating"
  >
    <Rating />
  </div>
  <div
    className="variants"
  >
    Available in  variants
  </div>
  <div
    className="content content"
  >
    <Title
      text="Product Title"
    />
    <Description
      text="A description for item"
    />
    <Price
      className="priceWrapper"
      currency={
        Object {
          "code": "GBP",
        }
      }
      price="9.99"
    />
    <Component
      config={
        Immutable.Map {
          "productcard": Immutable.Map {
            "title": Immutable.Map {
              "display": true,
              "lines": 1,
            },
            "description": Immutable.Map {
              "display": true,
              "lines": 2,
            },
            "price": Immutable.Map {
              "display": true,
            },
          },
          "currency": Immutable.Map {
            "code": "GBP",
          },
        }
      }
    />
  </div>
</a>
`;
