// Jest Snapshot v1, https://goo.gl/fbAQLP

exports[`<SearchInput /> correctly renders itself 1`] = `
<div
  class="wrap"
>
  <default
    class="icon"
    height="16"
    width="16"
  />
  <input
    class="input"
    placeholder="bar"
    type="search"
    value="foo"
  />
</div>
`;
