// Jest Snapshot v1, https://goo.gl/fbAQLP

exports[`ItemCard renders correctly 1`] = `
<Component
  item={
    Object {
      "get": [Function],
      "hashCode": [Function],
      "image_url": "https://picsum.photos/100/200",
      "title": "Test Title",
    }
  }
  theme={null}
/>
`;
