// Jest Snapshot v1, https://goo.gl/fbAQLP

exports[`SearchSuggestions renders correctly 1`] = `
<div
  className="list"
  display-if={
    Object {
      "get": [Function],
    }
  }
>
  <ul>
    <MapArray
      array={
        Array [
          Object {
            "get": [Function],
          },
          Object {
            "get": [Function],
          },
        ]
      }
      factory={[Function]}
    />
  </ul>
</div>
`;
